[maharshi98patel.wixsite.com/arish-technology/index.html]
[static.parastorage.com/unpkg/core-js-bundle@3.2.1/minified.js]
[static.parastorage.com/unpkg/focus-within-polyfill@5.0.9/dist/focus-within-polyfill.js]
[backblue.gif]
[fade.gif]
[index.html]
[polyfill.io/v3/polyfill.mind82c.js]
[maharshi98patel.wixsite.com/arish-technology/47b73115.min.css]
[maharshi98patel.wixsite.com/arish-technology/1a3ca2ee.min.css]
[maharshi98patel.wixsite.com/arish-technology/16e44c05.min.css]
[maharshi98patel.wixsite.com/arish-technology/6ac53ab7.min.css]
[maharshi98patel.wixsite.com/arish-technology/02595569.min.css]
[maharshi98patel.wixsite.com/arish-technology/e5861f41.min.css]
[maharshi98patel.wixsite.com/arish-technology/c53e42d7.min.css]
[maharshi98patel.wixsite.com/arish-technology/da6c52cb.min.css]
[maharshi98patel.wixsite.com/arish-technology/3d2759f7.min.css]
[maharshi98patel.wixsite.com/arish-technology/960c3a88.min.css]
[maharshi98patel.wixsite.com/arish-technology/390543ac.min.css]
[maharshi98patel.wixsite.com/arish-technology/2f9aeb85.min.css]
[maharshi98patel.wixsite.com/arish-technology/ad7057f7.min.css]
[maharshi98patel.wixsite.com/arish-technology/7d94280d.min.css]
[maharshi98patel.wixsite.com/arish-technology/f36661fb.min.css]
[maharshi98patel.wixsite.com/arish-technology/aa613bd1.min.css]
[maharshi98patel.wixsite.com/arish-technology/22ef40bf.min.css]
[maharshi98patel.wixsite.com/arish-technology/6daaad8b.min.css]
[maharshi98patel.wixsite.com/arish-technology/bf91693c.min.css]
[maharshi98patel.wixsite.com/arish-technology/b4ae8803.min.css]
[maharshi98patel.wixsite.com/arish-technology/62ccedec.min.css]
[maharshi98patel.wixsite.com/arish-technology/ae08c227.min.css]
[maharshi98patel.wixsite.com/arish-technology/11f27093.min.css]
[maharshi98patel.wixsite.com/arish-technology/9b155e90.min.css]
[maharshi98patel.wixsite.com/arish-technology/4ec2545d.min.css]
[maharshi98patel.wixsite.com/arish-technology/1bbe301d.min.css]
[maharshi98patel.wixsite.com/arish-technology/e78a13b3.min.css]
[maharshi98patel.wixsite.com/arish-technology/b604fd33.min.css]
[maharshi98patel.wixsite.com/arish-technology/48c6d58d.min.css]
[maharshi98patel.wixsite.com/arish-technology/439c90c8.min.css]
[maharshi98patel.wixsite.com/arish-technology/cd69f57c.min.css]
[maharshi98patel.wixsite.com/arish-technology/bc223d50.min.css]
[maharshi98patel.wixsite.com/arish-technology/bc2466c0.min.css]
[maharshi98patel.wixsite.com/arish-technology/5d7b6bbf.min.css]
[maharshi98patel.wixsite.com/arish-technology/3fdab364.min.css]
[maharshi98patel.wixsite.com/arish-technology/20d93486.min.css]
[maharshi98patel.wixsite.com/arish-technology/9692b4a8.min.css]
[maharshi98patel.wixsite.com/arish-technology/914012ea.min.css]
[maharshi98patel.wixsite.com/arish-technology/ffa0eb8f.min.css]
[maharshi98patel.wixsite.com/arish-technology/fe8be6d6.min.css]
[maharshi98patel.wixsite.com/arish-technology/a28cca36.min.css]
[maharshi98patel.wixsite.com/arish-technology/02b07b80.min.css]
[maharshi98patel.wixsite.com/arish-technology/265e9a4a.min.css]
[maharshi98patel.wixsite.com/arish-technology/ff342417.min.css]
[maharshi98patel.wixsite.com/arish-technology/2a1582d7.min.css]
[maharshi98patel.wixsite.com/arish-technology/eb321d93.min.css]
[maharshi98patel.wixsite.com/arish-technology/06cfef68.min.css]
[maharshi98patel.wixsite.com/arish-technology/49a18e23.min.css]
[maharshi98patel.wixsite.com/arish-technology/2467b183.min.css]
[maharshi98patel.wixsite.com/arish-technology/f9fd7cbe.min.css]
[maharshi98patel.wixsite.com/arish-technology/e142d0f4.min.css]
[maharshi98patel.wixsite.com/arish-technology/96a73741.min.css]
[maharshi98patel.wixsite.com/arish-technology/4c758e80.min.css]
[maharshi98patel.wixsite.com/arish-technology/44b62fdc.min.css]
[maharshi98patel.wixsite.com/arish-technology/7f8c7c3e.min.css]
[maharshi98patel.wixsite.com/arish-technology/fbbc0ea4.min.css]
[maharshi98patel.wixsite.com/arish-technology/5d29307d.min.css]
[maharshi98patel.wixsite.com/arish-technology/85af43ab.min.css]
[maharshi98patel.wixsite.com/arish-technology/7010eb60.min.css]
[maharshi98patel.wixsite.com/arish-technology/63767dfb.min.css]
[maharshi98patel.wixsite.com/arish-technology/6ea7cb26.min.css]
[maharshi98patel.wixsite.com/arish-technology/5af11dd2.min.css]
[maharshi98patel.wixsite.com/arish-technology/2a453020.min.css]
[maharshi98patel.wixsite.com/arish-technology/f4335005.min.css]
[maharshi98patel.wixsite.com/arish-technology/566bec70.min.css]
[maharshi98patel.wixsite.com/arish-technology/fc40122e.min.css]
[maharshi98patel.wixsite.com/arish-technology/45242c23.min.css]
[maharshi98patel.wixsite.com/arish-technology/0efca64c.min.css]
[maharshi98patel.wixsite.com/arish-technology/42ccdc69.min.css]
[maharshi98patel.wixsite.com/arish-technology/4ea3b970.min.css]
[maharshi98patel.wixsite.com/arish-technology/0ee85551.min.css]
[maharshi98patel.wixsite.com/arish-technology/085f85ee.min.css]
[maharshi98patel.wixsite.com/arish-technology/fc21aae5.min.css]
[maharshi98patel.wixsite.com/arish-technology/641eb53d.min.css]
[maharshi98patel.wixsite.com/arish-technology/cabcae51.min.css]
[maharshi98patel.wixsite.com/arish-technology/b66c178d.min.css]
[maharshi98patel.wixsite.com/arish-technology/c7fdedca.min.css]
[maharshi98patel.wixsite.com/arish-technology/ce9dcea4.min.css]
[maharshi98patel.wixsite.com/arish-technology/bc497b45.min.css]
[maharshi98patel.wixsite.com/arish-technology/2acb415c.min.css]
[maharshi98patel.wixsite.com/arish-technology/7d6cd51b.min.css]
[maharshi98patel.wixsite.com/arish-technology/16e57088.min.css]
[maharshi98patel.wixsite.com/arish-technology/0a1c073a.min.css]
[maharshi98patel.wixsite.com/arish-technology/1ac8fc0f.min.css]
[maharshi98patel.wixsite.com/arish-technology/e5d84163.min.css]
[maharshi98patel.wixsite.com/arish-technology/d5f023bb.min.css]
[maharshi98patel.wixsite.com/arish-technology/d820de38.min.css]
[maharshi98patel.wixsite.com/arish-technology/012dc85e.min.css]
[maharshi98patel.wixsite.com/arish-technology/9d29a199.min.css]
[maharshi98patel.wixsite.com/arish-technology/381ee71b.min.css]
[maharshi98patel.wixsite.com/arish-technology/bf413556.min.css]
[maharshi98patel.wixsite.com/arish-technology/316080a6.min.css]
[maharshi98patel.wixsite.com/arish-technology/51a9742f.min.css]
[maharshi98patel.wixsite.com/arish-technology/bf732f1f.min.css]
[maharshi98patel.wixsite.com/arish-technology/99f4b3eb.min.css]
[maharshi98patel.wixsite.com/arish-technology/a545d558.min.css]
[maharshi98patel.wixsite.com/arish-technology/176e7b44.min.css]
[maharshi98patel.wixsite.com/arish-technology/5346ce3f.min.css]
[maharshi98patel.wixsite.com/arish-technology/f658a9c4.min.css]
[maharshi98patel.wixsite.com/arish-technology/33aee7c8.min.67.delayed]
[maharshi98patel.wixsite.com/arish-technology/e3a3f4c5.min.css]
[maharshi98patel.wixsite.com/arish-technology/69bf75cd.min.css]
[maharshi98patel.wixsite.com/arish-technology/ffcbad4e.min.css]
[maharshi98patel.wixsite.com/arish-technology/38076880.min.css]
[maharshi98patel.wixsite.com/arish-technology/e7f37adf.min.css]
[maharshi98patel.wixsite.com/arish-technology/6cf72bb0.min.css]
[maharshi98patel.wixsite.com/arish-technology/6b319425.min.css]
[maharshi98patel.wixsite.com/arish-technology/fd963395.min.css]
[maharshi98patel.wixsite.com/arish-technology/23fa9840.min.css]
[maharshi98patel.wixsite.com/arish-technology/d11ebffe.min.css]
[maharshi98patel.wixsite.com/arish-technology/91ffcb26.min.css]
[maharshi98patel.wixsite.com/arish-technology/72671acb.min.css]
[maharshi98patel.wixsite.com/arish-technology/40e5d5cf.min.css]
[maharshi98patel.wixsite.com/arish-technology/7c602eb2.min.css]
[maharshi98patel.wixsite.com/arish-technology/6b4c7217.min.css]
[maharshi98patel.wixsite.com/arish-technology/5b26625f.min.css]
[maharshi98patel.wixsite.com/arish-technology/2e327647.min.css]
[maharshi98patel.wixsite.com/arish-technology/4a6a7fc9.min.css]
[maharshi98patel.wixsite.com/arish-technology/f52e40aa.min.css]
[maharshi98patel.wixsite.com/arish-technology/f7b42816.min.css]
[maharshi98patel.wixsite.com/arish-technology/fbce49db.min.css]
[maharshi98patel.wixsite.com/arish-technology/a3e88b58.min.css]
[maharshi98patel.wixsite.com/arish-technology/ea8a0593.min.css]
[maharshi98patel.wixsite.com/arish-technology/b8760986.min.css]
[maharshi98patel.wixsite.com/arish-technology/37bd0eeb.min.css]
[maharshi98patel.wixsite.com/arish-technology/8d04f72e.min.css]
[maharshi98patel.wixsite.com/arish-technology/84c587cd.min.css]
[maharshi98patel.wixsite.com/arish-technology/ba7d2620.min.css]
[maharshi98patel.wixsite.com/arish-technology/41f1fa78.min.css]
[maharshi98patel.wixsite.com/arish-technology/3e581339.min.css]
[maharshi98patel.wixsite.com/arish-technology/a2f0f523.min.css]
[maharshi98patel.wixsite.com/arish-technology/86aca973.min.css]
[maharshi98patel.wixsite.com/arish-technology/0ec05268.min.css]
[maharshi98patel.wixsite.com/arish-technology/8005d5c1.min.css]
[maharshi98patel.wixsite.com/arish-technology/0e20a470.min.css]
[maharshi98patel.wixsite.com/arish-technology/c9b5bd15.min.css]
[maharshi98patel.wixsite.com/arish-technology/8c688a9d.min.css]
[maharshi98patel.wixsite.com/arish-technology/6b1e299b.min.css]
[maharshi98patel.wixsite.com/arish-technology/11d68990.min.css]
[maharshi98patel.wixsite.com/arish-technology/3f166307.min.css]
[maharshi98patel.wixsite.com/arish-technology/1355ec40.min.css]
[maharshi98patel.wixsite.com/arish-technology/48220e7a.min.css]
[maharshi98patel.wixsite.com/arish-technology/eca71e40.min.css]
[maharshi98patel.wixsite.com/arish-technology/024f5250.min.css]
[maharshi98patel.wixsite.com/arish-technology/54e8ad37.min.css]
[maharshi98patel.wixsite.com/arish-technology/c79634ce.min.css]
[maharshi98patel.wixsite.com/arish-technology/036d1c2c.min.css]
[maharshi98patel.wixsite.com/arish-technology/04c30725.min.css]
[maharshi98patel.wixsite.com/arish-technology/685dda1c.min.css]
[maharshi98patel.wixsite.com/arish-technology/ad3a6151.min.css]
[maharshi98patel.wixsite.com/arish-technology/b43bc41a.min.css]
[maharshi98patel.wixsite.com/arish-technology/aff3efe3.min.css]
[maharshi98patel.wixsite.com/arish-technology/755d6e92.min.css]
[maharshi98patel.wixsite.com/arish-technology/44306cc3.min.css]
[maharshi98patel.wixsite.com/arish-technology/f08a1c03.min.css]
[maharshi98patel.wixsite.com/arish-technology/6818c64c.min.css]
[maharshi98patel.wixsite.com/arish-technology/4fa4a352.min.css]
[maharshi98patel.wixsite.com/arish-technology/97d7cd97.min.css]
[maharshi98patel.wixsite.com/arish-technology/a1e76019.min.css]
[maharshi98patel.wixsite.com/arish-technology/b4bc6361.min.css]
[maharshi98patel.wixsite.com/arish-technology/9eed3e82.min.css]
[maharshi98patel.wixsite.com/arish-technology/ce776e38.min.css]
[maharshi98patel.wixsite.com/arish-technology/4a43b954.min.css]
[maharshi98patel.wixsite.com/arish-technology/799d016a.min.css]
[maharshi98patel.wixsite.com/arish-technology/c434348a.min.css]
[maharshi98patel.wixsite.com/arish-technology/4038e1e2.min.css]
[maharshi98patel.wixsite.com/arish-technology/c24f5e69.min.css]
[maharshi98patel.wixsite.com/arish-technology/8ab00128.min.css]
[maharshi98patel.wixsite.com/arish-technology/45eee88d.min.css]
[maharshi98patel.wixsite.com/arish-technology/7df86004.min.css]
[maharshi98patel.wixsite.com/arish-technology/145b5660.min.css]
[maharshi98patel.wixsite.com/arish-technology/3e624017.min.css]
[maharshi98patel.wixsite.com/arish-technology/eb810a4a.min.css]
[maharshi98patel.wixsite.com/arish-technology/81ed76c3.min.css]
[maharshi98patel.wixsite.com/arish-technology/1eaec50d.min.css]
[maharshi98patel.wixsite.com/arish-technology/d1f9c7e6.min.css]
[maharshi98patel.wixsite.com/arish-technology/34377b4a.min.css]
[maharshi98patel.wixsite.com/arish-technology/515a2fb8.min.css]
[maharshi98patel.wixsite.com/arish-technology/b0da3a19.min.css]
[maharshi98patel.wixsite.com/arish-technology/70e8afa8.min.css]
[maharshi98patel.wixsite.com/arish-technology/9c39b1d1.min.css]
[maharshi98patel.wixsite.com/arish-technology/59f9faa0.min.css]
[maharshi98patel.wixsite.com/arish-technology/b92ba9ff.min.css]
[maharshi98patel.wixsite.com/arish-technology/0b726ad6.min.css]
[maharshi98patel.wixsite.com/arish-technology/96afd53f.min.css]
[maharshi98patel.wixsite.com/arish-technology/91e61dab.min.css]
[maharshi98patel.wixsite.com/arish-technology/41f245d4.min.css]
[maharshi98patel.wixsite.com/arish-technology/bb16d569.min.css]
[maharshi98patel.wixsite.com/arish-technology/e24e08e7.min.css]
[maharshi98patel.wixsite.com/arish-technology/9e775b26.min.css]
[maharshi98patel.wixsite.com/arish-technology/515d5f12.min.css]
[maharshi98patel.wixsite.com/arish-technology/13eb5276.min.css]
[maharshi98patel.wixsite.com/arish-technology/d474bb46.min.css]
[maharshi98patel.wixsite.com/arish-technology/2978359e.min.css]
[maharshi98patel.wixsite.com/arish-technology/4b1f6567.min.css]
[maharshi98patel.wixsite.com/arish-technology/4e6fba8d.min.css]
[maharshi98patel.wixsite.com/arish-technology/883064bf.min.css]
[maharshi98patel.wixsite.com/arish-technology/55fd4990.min.css]
[maharshi98patel.wixsite.com/arish-technology/882dfccd.min.css]
[maharshi98patel.wixsite.com/arish-technology/70efe3c5.min.cb.delayed]
[maharshi98patel.wixsite.com/arish-technology/6d011635.min.css]
[maharshi98patel.wixsite.com/arish-technology/af38aead.min.css]
[maharshi98patel.wixsite.com/arish-technology/39cfb47d.min.css]
[maharshi98patel.wixsite.com/arish-technology/1a1f2ab9.min.css]
[maharshi98patel.wixsite.com/arish-technology/5ed4e092.min.css]
[maharshi98patel.wixsite.com/arish-technology/75512b1a.min.css]
[maharshi98patel.wixsite.com/arish-technology/2a38244f.min.css]
[maharshi98patel.wixsite.com/arish-technology/837e8139.min.css]
[maharshi98patel.wixsite.com/arish-technology/f8ec65c6.min.css]
[maharshi98patel.wixsite.com/arish-technology/913e0517.min.css]
[maharshi98patel.wixsite.com/arish-technology/2ce475e3.min.css]
[maharshi98patel.wixsite.com/arish-technology/96f4b814.min.css]
[maharshi98patel.wixsite.com/arish-technology/efcd8729.min.css]
[maharshi98patel.wixsite.com/arish-technology/0ebb4539.min.css]
[maharshi98patel.wixsite.com/arish-technology/c9371416.min.css]
[maharshi98patel.wixsite.com/arish-technology/84fca3f0.min.css]
[maharshi98patel.wixsite.com/arish-technology/44b60e9d.min.css]
[maharshi98patel.wixsite.com/arish-technology/48e483a5.min.css]
[maharshi98patel.wixsite.com/arish-technology/100a01ba.min.css]
[maharshi98patel.wixsite.com/arish-technology/dba31346.min.css]
[maharshi98patel.wixsite.com/arish-technology/5a61fee8.min.css]
[maharshi98patel.wixsite.com/arish-technology/6010b816.min.css]
[maharshi98patel.wixsite.com/arish-technology/99e9084d.min.css]
[maharshi98patel.wixsite.com/arish-technology/39cdb6e7.min.css]
[maharshi98patel.wixsite.com/arish-technology/98f5e34d.min.css]
[maharshi98patel.wixsite.com/arish-technology/4bd62377.min.css]
[maharshi98patel.wixsite.com/arish-technology/f6b4449f.min.css]
[maharshi98patel.wixsite.com/arish-technology/692d3cfd.min.css]
[maharshi98patel.wixsite.com/arish-technology/dda10bbb.min.css]
[maharshi98patel.wixsite.com/arish-technology/826aa068.min.css]
[maharshi98patel.wixsite.com/arish-technology/71561e01.min.css]
[maharshi98patel.wixsite.com/arish-technology/2aa93db9.min.css]
[maharshi98patel.wixsite.com/arish-technology/f53411fc.min.css]
[maharshi98patel.wixsite.com/arish-technology/3fc3aa14.min.css]
[maharshi98patel.wixsite.com/arish-technology/eed9660c.min.css]
[maharshi98patel.wixsite.com/arish-technology/e98ddd9c.min.css]
[maharshi98patel.wixsite.com/arish-technology/9f54505f.min.css]
[maharshi98patel.wixsite.com/arish-technology/82a3c6bd.min.css]
[maharshi98patel.wixsite.com/arish-technology/959e5e9e.min.css]
[maharshi98patel.wixsite.com/arish-technology/c6933345.min.css]
[maharshi98patel.wixsite.com/arish-technology/7ac66a81.min.css]
[maharshi98patel.wixsite.com/arish-technology/7f6e9aff.min.css]
[maharshi98patel.wixsite.com/arish-technology/7197ceeb.min.css]
[maharshi98patel.wixsite.com/arish-technology/4d761874.min.css]
[maharshi98patel.wixsite.com/arish-technology/57ee110f.min.css]
[maharshi98patel.wixsite.com/arish-technology/723e4fed.min.css]
[maharshi98patel.wixsite.com/arish-technology/7d0d5475.min.css]
[maharshi98patel.wixsite.com/arish-technology/d9e9ecf4.min.css]
[maharshi98patel.wixsite.com/arish-technology/4d71157d.min.css]
[maharshi98patel.wixsite.com/arish-technology/30611ad6.min.css]
[maharshi98patel.wixsite.com/arish-technology/3107aee2.min.css]
[maharshi98patel.wixsite.com/arish-technology/add763df.min.css]
[maharshi98patel.wixsite.com/arish-technology/20a005d9.min.css]
[maharshi98patel.wixsite.com/arish-technology/f12c724d.min.css]
[maharshi98patel.wixsite.com/arish-technology/b4927ff5.min.css]
[maharshi98patel.wixsite.com/arish-technology/959f9b89.min.css]
[maharshi98patel.wixsite.com/arish-technology/67f9dca3.min.css]
[maharshi98patel.wixsite.com/arish-technology/23dfe51c.min.css]
[maharshi98patel.wixsite.com/arish-technology/5f1cd56c.min.css]
[maharshi98patel.wixsite.com/arish-technology/e356d735.min.css]
[maharshi98patel.wixsite.com/arish-technology/1fef0d1f.min.css]
[maharshi98patel.wixsite.com/arish-technology/4e9ee1a3.min.css]
[maharshi98patel.wixsite.com/arish-technology/8845e14b.min.css]
[maharshi98patel.wixsite.com/arish-technology/a7d5ac4b.min.css]
[maharshi98patel.wixsite.com/arish-technology/015a530e.min.css]
[maharshi98patel.wixsite.com/arish-technology/63cc8be0.min.css]
[maharshi98patel.wixsite.com/arish-technology/731d5bce.min.css]
[maharshi98patel.wixsite.com/arish-technology/c61ac2b6.min.css]
[maharshi98patel.wixsite.com/arish-technology/c9d89f77.min.css]
[maharshi98patel.wixsite.com/arish-technology/77753e29.min.css]
[maharshi98patel.wixsite.com/arish-technology/2a3ba4df.min.css]
[maharshi98patel.wixsite.com/arish-technology/1150efce.min.css]
[maharshi98patel.wixsite.com/arish-technology/dbfd66d7.min.css]
[maharshi98patel.wixsite.com/arish-technology/e1813de1.min.css]
[maharshi98patel.wixsite.com/arish-technology/34b72cf9.min.css]
[maharshi98patel.wixsite.com/arish-technology/5d684912.min.css]
[maharshi98patel.wixsite.com/arish-technology/07d43a5b.min.css]
[maharshi98patel.wixsite.com/arish-technology/74e60b57.min.css]
[maharshi98patel.wixsite.com/arish-technology/71b202df.min.css]
[maharshi98patel.wixsite.com/arish-technology/1e24bd4a.min.css]
[maharshi98patel.wixsite.com/arish-technology/d078781b.min.css]
[maharshi98patel.wixsite.com/arish-technology/9a8b46cf.min.css]
[maharshi98patel.wixsite.com/arish-technology/f4071404.min.css]
[maharshi98patel.wixsite.com/arish-technology/a4efbb1a.min.css]
[maharshi98patel.wixsite.com/arish-technology/b69a6dca.min.css]
[maharshi98patel.wixsite.com/arish-technology/a8cea7d1.min.css]
[maharshi98patel.wixsite.com/arish-technology/9b7ffe32.min.css]
[maharshi98patel.wixsite.com/arish-technology/0e2bff6a.min.css]
[maharshi98patel.wixsite.com/arish-technology/8a3174ea.min.css]
[maharshi98patel.wixsite.com/arish-technology/56b396e1.min.css]
[maharshi98patel.wixsite.com/arish-technology/e31c9edb.min.css]
[maharshi98patel.wixsite.com/arish-technology/270ecc94.min.css]
[maharshi98patel.wixsite.com/arish-technology/aae8f9e8.min.css]
[maharshi98patel.wixsite.com/arish-technology/148a549f.min.css]
[maharshi98patel.wixsite.com/arish-technology/243dde79.min.css]
[maharshi98patel.wixsite.com/arish-technology/4b77444e.min.css]
[maharshi98patel.wixsite.com/arish-technology/debda15f.min.css]
[maharshi98patel.wixsite.com/arish-technology/c8e351db.min.css]
[maharshi98patel.wixsite.com/arish-technology/25adc72e.min.css]
[maharshi98patel.wixsite.com/arish-technology/ad3c03fe.min.12f.delayed]
[maharshi98patel.wixsite.com/arish-technology/696515ba.min.css]
[maharshi98patel.wixsite.com/arish-technology/c850fc8a.chunk.min.js]
[maharshi98patel.wixsite.com/arish-technology/4e3696a9.chunk.min.js]
[maharshi98patel.wixsite.com/arish-technology/166eba3e.chunk.min.js]
[maharshi98patel.wixsite.com/arish-technology/e6c1e098.chunk.min.js]
[maharshi98patel.wixsite.com/arish-technology/rb_wixui.thunderbolt_bootstrap.7c2b6b5f.chunk.min.js]
[maharshi98patel.wixsite.com/arish-technology/rb_wixui.thunderbolt_bootstrap-classic.89bdd4d4.chunk.min.css]
[maharshi98patel.wixsite.com/arish-technology/rb_wixui.thunderbolt_bootstrap-classic.4e3696a9.chunk.min.js]
[maharshi98patel.wixsite.com/arish-technology/rb_wixui.thunderbolt_bootstrap-responsive.a66c1914.chunk.min.css]
[maharshi98patel.wixsite.com/arish-technology/rb_wixui.thunderbolt_bootstrap-responsive.166eba3e.chunk.min.js]
[maharshi98patel.wixsite.com/arish-technology/rb_wixui.thunderbolt_common-site-members-dialogs.ae7b5c74.chunk.min.css]
[maharshi98patel.wixsite.com/arish-technology/rb_wixui.thunderbolt_common-site-members-dialogs.e6c1e098.chunk.min.js]
[maharshi98patel.wixsite.com/arish-technology/rb_wixui.corvid_core.afbda8f6.chunk.min.js]
[maharshi98patel.wixsite.com/arish-technology/rb_wixui.thunderbolt_mobile.eea54e4b.chunk.min.css]
[maharshi98patel.wixsite.com/arish-technology/decodeURIComponent(e]
[browser.sentry-cdn.com/6.13.3/bundle.min.js]
[maharshi98patel.wixsite.com/arish-technology/robots.txt]
[maharshi98patel.wixsite.com/arish-technology/sitemap.xml]
[maharshi98patel.wixsite.com/arish-technology/feed.xml]
[static.parastorage.com/services/wix-thunderbolt/dist/bootstrap-features.3749e3ba.bundle.min.js]
[static.parastorage.com/services/wix-thunderbolt/dist/main.0821a073.bundle.min.js]
[static.parastorage.com/unpkg/lodash@4.17.21/lodash.min.js]
[static.parastorage.com/unpkg/react@16.13.1/umd/react.production.min.js]
[static.parastorage.com/services/wix-code-platform/1.1097.2/elementory-browser-support.min.js]
[static.parastorage.com/services/tag-manager-client/1.427.0/siteTags.bundle.min.js]
[static.parastorage.com/services/wix-perf-measure/1.641.0/wix-perf-measure.bundle.min.js]
[static.parastorage.com/unpkg/react-dom@16.13.1/umd/react-dom.production.min.js]
[maharshi98patel.wixsite.com/arish-technology/version/index.html]
[maharshi98patel.wixsite.com/arish-technology/services.html]
[maharshi98patel.wixsite.com/arish-technology/dotnet-technologies.html]
[maharshi98patel.wixsite.com/arish-technology/java-open-source.html]
[maharshi98patel.wixsite.com/arish-technology/ai-ml-dl.html]
[maharshi98patel.wixsite.com/arish-technology/cloud-computing.html]
[maharshi98patel.wixsite.com/arish-technology/atlassian-support.html]
[maharshi98patel.wixsite.com/arish-technology/web-design.html]
[maharshi98patel.wixsite.com/arish-technology/projects.html]
[maharshi98patel.wixsite.com/arish-technology/about.html]
[maharshi98patel.wixsite.com/arish-technology/contact.html]
[maharshi98patel.wixsite.com/arish-technology/index.html]
[maharshi98patel.wixsite.com/arish-technology/decodeURIComponent(e.html]
[maharshi98patel.wixsite.com/arish-technology/version/index.html]
[maharshi98patel.wixsite.com/arish-technology/services.html]
[maharshi98patel.wixsite.com/arish-technology/dotnet-technologies.html]
[maharshi98patel.wixsite.com/arish-technology/java-open-source.html]
[maharshi98patel.wixsite.com/arish-technology/ai-ml-dl.html]
[maharshi98patel.wixsite.com/arish-technology/cloud-computing.html]
[maharshi98patel.wixsite.com/arish-technology/atlassian-support.html]
[maharshi98patel.wixsite.com/arish-technology/web-design.html]
[maharshi98patel.wixsite.com/arish-technology/projects.html]
[maharshi98patel.wixsite.com/arish-technology/careers.html]
[maharshi98patel.wixsite.com/arish-technology/index-2.html]
[maharshi98patel.wixsite.com/arish-technology/about.html]
[maharshi98patel.wixsite.com/arish-technology/contact.html]
[maharshi98patel.wixsite.com/arish-technology/careers.html]
[maharshi98patel.wixsite.com/arish-technology/index-2.html]
[maharshi98patel.wixsite.com/arish-technology/47b73115.min.html]
[maharshi98patel.wixsite.com/arish-technology/1a3ca2ee.min.html]
[maharshi98patel.wixsite.com/arish-technology/16e44c05.min.html]
[maharshi98patel.wixsite.com/arish-technology/6ac53ab7.min.html]
[maharshi98patel.wixsite.com/arish-technology/02595569.min.html]
[maharshi98patel.wixsite.com/arish-technology/e5861f41.min.html]
[maharshi98patel.wixsite.com/arish-technology/c53e42d7.min.html]
[maharshi98patel.wixsite.com/arish-technology/da6c52cb.min.html]
[maharshi98patel.wixsite.com/arish-technology/3d2759f7.min.html]
[maharshi98patel.wixsite.com/arish-technology/960c3a88.min.html]
[maharshi98patel.wixsite.com/arish-technology/390543ac.min.html]
[maharshi98patel.wixsite.com/arish-technology/2f9aeb85.min.html]
[maharshi98patel.wixsite.com/arish-technology/ad7057f7.min.html]
[maharshi98patel.wixsite.com/arish-technology/7d94280d.min.html]
[maharshi98patel.wixsite.com/arish-technology/f36661fb.min.html]
[maharshi98patel.wixsite.com/arish-technology/aa613bd1.min.html]
[maharshi98patel.wixsite.com/arish-technology/22ef40bf.min.html]
[maharshi98patel.wixsite.com/arish-technology/6daaad8b.min.html]
[maharshi98patel.wixsite.com/arish-technology/bf91693c.min.html]
[maharshi98patel.wixsite.com/arish-technology/b4ae8803.min.html]
[maharshi98patel.wixsite.com/arish-technology/62ccedec.min.html]
[maharshi98patel.wixsite.com/arish-technology/ae08c227.min.html]
[maharshi98patel.wixsite.com/arish-technology/11f27093.min.html]
[maharshi98patel.wixsite.com/arish-technology/9b155e90.min.html]
[maharshi98patel.wixsite.com/arish-technology/4ec2545d.min.html]
[maharshi98patel.wixsite.com/arish-technology/1bbe301d.min.html]
[maharshi98patel.wixsite.com/arish-technology/e78a13b3.min.html]
[maharshi98patel.wixsite.com/arish-technology/b604fd33.min.html]
[maharshi98patel.wixsite.com/arish-technology/48c6d58d.min.html]
[maharshi98patel.wixsite.com/arish-technology/439c90c8.min.html]
[maharshi98patel.wixsite.com/arish-technology/cd69f57c.min.html]
[maharshi98patel.wixsite.com/arish-technology/bc223d50.min.html]
[maharshi98patel.wixsite.com/arish-technology/bc2466c0.min.html]
[maharshi98patel.wixsite.com/arish-technology/5d7b6bbf.min.html]
[maharshi98patel.wixsite.com/arish-technology/3fdab364.min.html]
[maharshi98patel.wixsite.com/arish-technology/20d93486.min.html]
[maharshi98patel.wixsite.com/arish-technology/9692b4a8.min.html]
[maharshi98patel.wixsite.com/arish-technology/914012ea.min.html]
[maharshi98patel.wixsite.com/arish-technology/ffa0eb8f.min.html]
[maharshi98patel.wixsite.com/arish-technology/fe8be6d6.min.html]
[maharshi98patel.wixsite.com/arish-technology/a28cca36.min.html]
[maharshi98patel.wixsite.com/arish-technology/02b07b80.min.html]
[maharshi98patel.wixsite.com/arish-technology/265e9a4a.min.html]
[maharshi98patel.wixsite.com/arish-technology/ff342417.min.html]
[maharshi98patel.wixsite.com/arish-technology/2a1582d7.min.html]
[maharshi98patel.wixsite.com/arish-technology/eb321d93.min.html]
[maharshi98patel.wixsite.com/arish-technology/06cfef68.min.html]
[maharshi98patel.wixsite.com/arish-technology/49a18e23.min.html]
[maharshi98patel.wixsite.com/arish-technology/2467b183.min.html]
[maharshi98patel.wixsite.com/arish-technology/f9fd7cbe.min.html]
[maharshi98patel.wixsite.com/arish-technology/e142d0f4.min.html]
[maharshi98patel.wixsite.com/arish-technology/96a73741.min.html]
[maharshi98patel.wixsite.com/arish-technology/4c758e80.min.html]
[maharshi98patel.wixsite.com/arish-technology/44b62fdc.min.html]
[maharshi98patel.wixsite.com/arish-technology/7f8c7c3e.min.html]
[maharshi98patel.wixsite.com/arish-technology/fbbc0ea4.min.html]
[maharshi98patel.wixsite.com/arish-technology/5d29307d.min.html]
[maharshi98patel.wixsite.com/arish-technology/85af43ab.min.html]
[maharshi98patel.wixsite.com/arish-technology/7010eb60.min.html]
[maharshi98patel.wixsite.com/arish-technology/63767dfb.min.html]
[maharshi98patel.wixsite.com/arish-technology/6ea7cb26.min.html]
[maharshi98patel.wixsite.com/arish-technology/5af11dd2.min.html]
[maharshi98patel.wixsite.com/arish-technology/2a453020.min.html]
[maharshi98patel.wixsite.com/arish-technology/f4335005.min.html]
[maharshi98patel.wixsite.com/arish-technology/566bec70.min.html]
[maharshi98patel.wixsite.com/arish-technology/fc40122e.min.html]
[maharshi98patel.wixsite.com/arish-technology/45242c23.min.html]
[maharshi98patel.wixsite.com/arish-technology/0efca64c.min.html]
[maharshi98patel.wixsite.com/arish-technology/42ccdc69.min.html]
[maharshi98patel.wixsite.com/arish-technology/4ea3b970.min.html]
[maharshi98patel.wixsite.com/arish-technology/0ee85551.min.html]
[maharshi98patel.wixsite.com/arish-technology/085f85ee.min.html]
[maharshi98patel.wixsite.com/arish-technology/fc21aae5.min.html]
[maharshi98patel.wixsite.com/arish-technology/641eb53d.min.html]
[maharshi98patel.wixsite.com/arish-technology/cabcae51.min.html]
[maharshi98patel.wixsite.com/arish-technology/b66c178d.min.html]
[maharshi98patel.wixsite.com/arish-technology/c7fdedca.min.html]
[maharshi98patel.wixsite.com/arish-technology/ce9dcea4.min.html]
[maharshi98patel.wixsite.com/arish-technology/bc497b45.min.html]
[maharshi98patel.wixsite.com/arish-technology/2acb415c.min.html]
[maharshi98patel.wixsite.com/arish-technology/7d6cd51b.min.html]
[maharshi98patel.wixsite.com/arish-technology/16e57088.min.html]
[maharshi98patel.wixsite.com/arish-technology/0a1c073a.min.html]
[maharshi98patel.wixsite.com/arish-technology/1ac8fc0f.min.html]
[maharshi98patel.wixsite.com/arish-technology/e5d84163.min.html]
[maharshi98patel.wixsite.com/arish-technology/d5f023bb.min.html]
[maharshi98patel.wixsite.com/arish-technology/d820de38.min.html]
[maharshi98patel.wixsite.com/arish-technology/012dc85e.min.html]
[maharshi98patel.wixsite.com/arish-technology/9d29a199.min.html]
[maharshi98patel.wixsite.com/arish-technology/381ee71b.min.html]
[maharshi98patel.wixsite.com/arish-technology/bf413556.min.html]
[maharshi98patel.wixsite.com/arish-technology/316080a6.min.html]
[maharshi98patel.wixsite.com/arish-technology/51a9742f.min.html]
[maharshi98patel.wixsite.com/arish-technology/bf732f1f.min.html]
[maharshi98patel.wixsite.com/arish-technology/99f4b3eb.min.html]
[maharshi98patel.wixsite.com/arish-technology/a545d558.min.html]
[maharshi98patel.wixsite.com/arish-technology/176e7b44.min.html]
[maharshi98patel.wixsite.com/arish-technology/5346ce3f.min.html]
[maharshi98patel.wixsite.com/arish-technology/f658a9c4.min.html]
[maharshi98patel.wixsite.com/arish-technology/33aee7c8.min.html]
[maharshi98patel.wixsite.com/arish-technology/e3a3f4c5.min.html]
[maharshi98patel.wixsite.com/arish-technology/69bf75cd.min.html]
[maharshi98patel.wixsite.com/arish-technology/ffcbad4e.min.html]
[maharshi98patel.wixsite.com/arish-technology/38076880.min.html]
[maharshi98patel.wixsite.com/arish-technology/e7f37adf.min.html]
[maharshi98patel.wixsite.com/arish-technology/6cf72bb0.min.html]
[maharshi98patel.wixsite.com/arish-technology/6b319425.min.html]
[maharshi98patel.wixsite.com/arish-technology/fd963395.min.html]
[maharshi98patel.wixsite.com/arish-technology/23fa9840.min.html]
[maharshi98patel.wixsite.com/arish-technology/d11ebffe.min.html]
[maharshi98patel.wixsite.com/arish-technology/91ffcb26.min.html]
[maharshi98patel.wixsite.com/arish-technology/72671acb.min.html]
[maharshi98patel.wixsite.com/arish-technology/40e5d5cf.min.html]
[maharshi98patel.wixsite.com/arish-technology/7c602eb2.min.html]
[maharshi98patel.wixsite.com/arish-technology/6b4c7217.min.html]
[maharshi98patel.wixsite.com/arish-technology/5b26625f.min.html]
[maharshi98patel.wixsite.com/arish-technology/2e327647.min.html]
[maharshi98patel.wixsite.com/arish-technology/4a6a7fc9.min.html]
[maharshi98patel.wixsite.com/arish-technology/f52e40aa.min.html]
[maharshi98patel.wixsite.com/arish-technology/f7b42816.min.html]
[maharshi98patel.wixsite.com/arish-technology/fbce49db.min.html]
[maharshi98patel.wixsite.com/arish-technology/a3e88b58.min.html]
[maharshi98patel.wixsite.com/arish-technology/ea8a0593.min.html]
[maharshi98patel.wixsite.com/arish-technology/b8760986.min.html]
[maharshi98patel.wixsite.com/arish-technology/37bd0eeb.min.html]
[maharshi98patel.wixsite.com/arish-technology/8d04f72e.min.html]
[maharshi98patel.wixsite.com/arish-technology/84c587cd.min.html]
[maharshi98patel.wixsite.com/arish-technology/ba7d2620.min.html]
[maharshi98patel.wixsite.com/arish-technology/41f1fa78.min.html]
[maharshi98patel.wixsite.com/arish-technology/3e581339.min.html]
[maharshi98patel.wixsite.com/arish-technology/a2f0f523.min.html]
[maharshi98patel.wixsite.com/arish-technology/86aca973.min.html]
[maharshi98patel.wixsite.com/arish-technology/0ec05268.min.html]
[maharshi98patel.wixsite.com/arish-technology/8005d5c1.min.html]
[maharshi98patel.wixsite.com/arish-technology/0e20a470.min.html]
[maharshi98patel.wixsite.com/arish-technology/c9b5bd15.min.html]
[maharshi98patel.wixsite.com/arish-technology/8c688a9d.min.html]
[maharshi98patel.wixsite.com/arish-technology/6b1e299b.min.html]
[maharshi98patel.wixsite.com/arish-technology/11d68990.min.html]
[maharshi98patel.wixsite.com/arish-technology/3f166307.min.html]
[maharshi98patel.wixsite.com/arish-technology/1355ec40.min.html]
[maharshi98patel.wixsite.com/arish-technology/48220e7a.min.html]
[maharshi98patel.wixsite.com/arish-technology/eca71e40.min.html]
[maharshi98patel.wixsite.com/arish-technology/024f5250.min.html]
[maharshi98patel.wixsite.com/arish-technology/54e8ad37.min.html]
[maharshi98patel.wixsite.com/arish-technology/c79634ce.min.html]
[maharshi98patel.wixsite.com/arish-technology/036d1c2c.min.html]
[maharshi98patel.wixsite.com/arish-technology/04c30725.min.html]
[maharshi98patel.wixsite.com/arish-technology/685dda1c.min.html]
[maharshi98patel.wixsite.com/arish-technology/ad3a6151.min.html]
[maharshi98patel.wixsite.com/arish-technology/b43bc41a.min.html]
[maharshi98patel.wixsite.com/arish-technology/aff3efe3.min.html]
[maharshi98patel.wixsite.com/arish-technology/755d6e92.min.html]
[maharshi98patel.wixsite.com/arish-technology/44306cc3.min.html]
[maharshi98patel.wixsite.com/arish-technology/f08a1c03.min.html]
[maharshi98patel.wixsite.com/arish-technology/6818c64c.min.html]
[maharshi98patel.wixsite.com/arish-technology/4fa4a352.min.html]
[maharshi98patel.wixsite.com/arish-technology/97d7cd97.min.html]
[maharshi98patel.wixsite.com/arish-technology/a1e76019.min.html]
[maharshi98patel.wixsite.com/arish-technology/b4bc6361.min.html]
[maharshi98patel.wixsite.com/arish-technology/9eed3e82.min.html]
[maharshi98patel.wixsite.com/arish-technology/ce776e38.min.html]
[maharshi98patel.wixsite.com/arish-technology/4a43b954.min.html]
[maharshi98patel.wixsite.com/arish-technology/799d016a.min.html]
[maharshi98patel.wixsite.com/arish-technology/c434348a.min.html]
[maharshi98patel.wixsite.com/arish-technology/4038e1e2.min.html]
[maharshi98patel.wixsite.com/arish-technology/c24f5e69.min.html]
[maharshi98patel.wixsite.com/arish-technology/8ab00128.min.html]
[maharshi98patel.wixsite.com/arish-technology/45eee88d.min.html]
[maharshi98patel.wixsite.com/arish-technology/7df86004.min.html]
[maharshi98patel.wixsite.com/arish-technology/145b5660.min.html]
[maharshi98patel.wixsite.com/arish-technology/3e624017.min.html]
[maharshi98patel.wixsite.com/arish-technology/eb810a4a.min.html]
[maharshi98patel.wixsite.com/arish-technology/81ed76c3.min.html]
[maharshi98patel.wixsite.com/arish-technology/1eaec50d.min.html]
[maharshi98patel.wixsite.com/arish-technology/d1f9c7e6.min.html]
[maharshi98patel.wixsite.com/arish-technology/34377b4a.min.html]
[maharshi98patel.wixsite.com/arish-technology/515a2fb8.min.html]
[maharshi98patel.wixsite.com/arish-technology/b0da3a19.min.html]
[maharshi98patel.wixsite.com/arish-technology/70e8afa8.min.html]
[maharshi98patel.wixsite.com/arish-technology/9c39b1d1.min.html]
[maharshi98patel.wixsite.com/arish-technology/59f9faa0.min.html]
[maharshi98patel.wixsite.com/arish-technology/b92ba9ff.min.html]
[maharshi98patel.wixsite.com/arish-technology/0b726ad6.min.html]
[maharshi98patel.wixsite.com/arish-technology/96afd53f.min.html]
[maharshi98patel.wixsite.com/arish-technology/91e61dab.min.html]
[maharshi98patel.wixsite.com/arish-technology/41f245d4.min.html]
[maharshi98patel.wixsite.com/arish-technology/bb16d569.min.html]
[maharshi98patel.wixsite.com/arish-technology/e24e08e7.min.html]
[maharshi98patel.wixsite.com/arish-technology/9e775b26.min.html]
[maharshi98patel.wixsite.com/arish-technology/515d5f12.min.html]
[maharshi98patel.wixsite.com/arish-technology/13eb5276.min.html]
[maharshi98patel.wixsite.com/arish-technology/d474bb46.min.html]
[maharshi98patel.wixsite.com/arish-technology/2978359e.min.html]
[maharshi98patel.wixsite.com/arish-technology/4b1f6567.min.html]
[maharshi98patel.wixsite.com/arish-technology/4e6fba8d.min.html]
[maharshi98patel.wixsite.com/arish-technology/883064bf.min.html]
[maharshi98patel.wixsite.com/arish-technology/55fd4990.min.html]
[maharshi98patel.wixsite.com/arish-technology/882dfccd.min.html]
[maharshi98patel.wixsite.com/arish-technology/70efe3c5.min.html]
[maharshi98patel.wixsite.com/arish-technology/6d011635.min.html]
[maharshi98patel.wixsite.com/arish-technology/af38aead.min.html]
[maharshi98patel.wixsite.com/arish-technology/39cfb47d.min.html]
[maharshi98patel.wixsite.com/arish-technology/1a1f2ab9.min.html]
[maharshi98patel.wixsite.com/arish-technology/5ed4e092.min.html]
[maharshi98patel.wixsite.com/arish-technology/75512b1a.min.html]
[maharshi98patel.wixsite.com/arish-technology/2a38244f.min.html]
[maharshi98patel.wixsite.com/arish-technology/837e8139.min.html]
[maharshi98patel.wixsite.com/arish-technology/f8ec65c6.min.html]
[maharshi98patel.wixsite.com/arish-technology/913e0517.min.html]
[maharshi98patel.wixsite.com/arish-technology/2ce475e3.min.html]
[maharshi98patel.wixsite.com/arish-technology/96f4b814.min.html]
[maharshi98patel.wixsite.com/arish-technology/efcd8729.min.html]
[maharshi98patel.wixsite.com/arish-technology/0ebb4539.min.html]
[maharshi98patel.wixsite.com/arish-technology/c9371416.min.html]
[maharshi98patel.wixsite.com/arish-technology/84fca3f0.min.html]
[maharshi98patel.wixsite.com/arish-technology/44b60e9d.min.html]
[maharshi98patel.wixsite.com/arish-technology/48e483a5.min.html]
[maharshi98patel.wixsite.com/arish-technology/100a01ba.min.html]
[maharshi98patel.wixsite.com/arish-technology/dba31346.min.html]
[maharshi98patel.wixsite.com/arish-technology/5a61fee8.min.html]
[maharshi98patel.wixsite.com/arish-technology/6010b816.min.html]
[maharshi98patel.wixsite.com/arish-technology/99e9084d.min.html]
[maharshi98patel.wixsite.com/arish-technology/39cdb6e7.min.html]
[maharshi98patel.wixsite.com/arish-technology/98f5e34d.min.html]
[maharshi98patel.wixsite.com/arish-technology/4bd62377.min.html]
[maharshi98patel.wixsite.com/arish-technology/f6b4449f.min.html]
[maharshi98patel.wixsite.com/arish-technology/692d3cfd.min.html]
[maharshi98patel.wixsite.com/arish-technology/dda10bbb.min.html]
[maharshi98patel.wixsite.com/arish-technology/826aa068.min.html]
[maharshi98patel.wixsite.com/arish-technology/71561e01.min.html]
[maharshi98patel.wixsite.com/arish-technology/2aa93db9.min.html]
[maharshi98patel.wixsite.com/arish-technology/f53411fc.min.html]
[maharshi98patel.wixsite.com/arish-technology/3fc3aa14.min.html]
[maharshi98patel.wixsite.com/arish-technology/eed9660c.min.html]
[maharshi98patel.wixsite.com/arish-technology/e98ddd9c.min.html]
[maharshi98patel.wixsite.com/arish-technology/9f54505f.min.html]
[maharshi98patel.wixsite.com/arish-technology/82a3c6bd.min.html]
[maharshi98patel.wixsite.com/arish-technology/959e5e9e.min.html]
[maharshi98patel.wixsite.com/arish-technology/c6933345.min.html]
[maharshi98patel.wixsite.com/arish-technology/7ac66a81.min.html]
[maharshi98patel.wixsite.com/arish-technology/7f6e9aff.min.html]
[maharshi98patel.wixsite.com/arish-technology/7197ceeb.min.html]
[maharshi98patel.wixsite.com/arish-technology/4d761874.min.html]
[maharshi98patel.wixsite.com/arish-technology/57ee110f.min.html]
[maharshi98patel.wixsite.com/arish-technology/723e4fed.min.html]
[maharshi98patel.wixsite.com/arish-technology/7d0d5475.min.html]
[maharshi98patel.wixsite.com/arish-technology/d9e9ecf4.min.html]
[maharshi98patel.wixsite.com/arish-technology/4d71157d.min.html]
[maharshi98patel.wixsite.com/arish-technology/30611ad6.min.html]
[maharshi98patel.wixsite.com/arish-technology/3107aee2.min.html]
[maharshi98patel.wixsite.com/arish-technology/add763df.min.html]
[maharshi98patel.wixsite.com/arish-technology/20a005d9.min.html]
[maharshi98patel.wixsite.com/arish-technology/f12c724d.min.html]
[maharshi98patel.wixsite.com/arish-technology/b4927ff5.min.html]
[maharshi98patel.wixsite.com/arish-technology/959f9b89.min.html]
[maharshi98patel.wixsite.com/arish-technology/67f9dca3.min.html]
[maharshi98patel.wixsite.com/arish-technology/23dfe51c.min.html]
[maharshi98patel.wixsite.com/arish-technology/5f1cd56c.min.html]
[maharshi98patel.wixsite.com/arish-technology/e356d735.min.html]
[maharshi98patel.wixsite.com/arish-technology/1fef0d1f.min.html]
[maharshi98patel.wixsite.com/arish-technology/4e9ee1a3.min.html]
[maharshi98patel.wixsite.com/arish-technology/8845e14b.min.html]
[maharshi98patel.wixsite.com/arish-technology/a7d5ac4b.min.html]
[maharshi98patel.wixsite.com/arish-technology/015a530e.min.html]
[maharshi98patel.wixsite.com/arish-technology/63cc8be0.min.html]
[maharshi98patel.wixsite.com/arish-technology/731d5bce.min.html]
[maharshi98patel.wixsite.com/arish-technology/c61ac2b6.min.html]
[maharshi98patel.wixsite.com/arish-technology/c9d89f77.min.html]
[maharshi98patel.wixsite.com/arish-technology/77753e29.min.html]
[maharshi98patel.wixsite.com/arish-technology/2a3ba4df.min.html]
[maharshi98patel.wixsite.com/arish-technology/1150efce.min.html]
[maharshi98patel.wixsite.com/arish-technology/dbfd66d7.min.html]
[maharshi98patel.wixsite.com/arish-technology/e1813de1.min.html]
[maharshi98patel.wixsite.com/arish-technology/34b72cf9.min.html]
[maharshi98patel.wixsite.com/arish-technology/5d684912.min.html]
[maharshi98patel.wixsite.com/arish-technology/07d43a5b.min.html]
[maharshi98patel.wixsite.com/arish-technology/74e60b57.min.html]
[maharshi98patel.wixsite.com/arish-technology/71b202df.min.html]
[maharshi98patel.wixsite.com/arish-technology/1e24bd4a.min.html]
[maharshi98patel.wixsite.com/arish-technology/d078781b.min.html]
[maharshi98patel.wixsite.com/arish-technology/9a8b46cf.min.html]
[maharshi98patel.wixsite.com/arish-technology/f4071404.min.html]
[maharshi98patel.wixsite.com/arish-technology/a4efbb1a.min.html]
[maharshi98patel.wixsite.com/arish-technology/b69a6dca.min.html]
[maharshi98patel.wixsite.com/arish-technology/a8cea7d1.min.html]
[maharshi98patel.wixsite.com/arish-technology/9b7ffe32.min.html]
[maharshi98patel.wixsite.com/arish-technology/0e2bff6a.min.html]
[maharshi98patel.wixsite.com/arish-technology/8a3174ea.min.html]
[maharshi98patel.wixsite.com/arish-technology/56b396e1.min.html]
[maharshi98patel.wixsite.com/arish-technology/e31c9edb.min.html]
[maharshi98patel.wixsite.com/arish-technology/270ecc94.min.html]
[maharshi98patel.wixsite.com/arish-technology/aae8f9e8.min.html]
[maharshi98patel.wixsite.com/arish-technology/148a549f.min.html]
[maharshi98patel.wixsite.com/arish-technology/243dde79.min.html]
[maharshi98patel.wixsite.com/arish-technology/4b77444e.min.html]
[maharshi98patel.wixsite.com/arish-technology/debda15f.min.html]
[maharshi98patel.wixsite.com/arish-technology/c8e351db.min.html]
[maharshi98patel.wixsite.com/arish-technology/25adc72e.min.html]
[maharshi98patel.wixsite.com/arish-technology/ad3c03fe.min.html]
[maharshi98patel.wixsite.com/arish-technology/696515ba.min.html]
[maharshi98patel.wixsite.com/arish-technology/c850fc8a.chunk.min.html]
[maharshi98patel.wixsite.com/arish-technology/4e3696a9.chunk.min.html]
[maharshi98patel.wixsite.com/arish-technology/166eba3e.chunk.min.html]
[maharshi98patel.wixsite.com/arish-technology/e6c1e098.chunk.min.html]
[maharshi98patel.wixsite.com/arish-technology/rb_wixui.thunderbolt_bootstrap.7c2b6b5f.chunk.min.html]
[maharshi98patel.wixsite.com/arish-technology/rb_wixui.thunderbolt_bootstrap-classic.89bdd4d4.chunk.min.html]
[maharshi98patel.wixsite.com/arish-technology/rb_wixui.thunderbolt_bootstrap-classic.4e3696a9.chunk.min.html]
[maharshi98patel.wixsite.com/arish-technology/rb_wixui.thunderbolt_bootstrap-responsive.a66c1914.chunk.min.html]
[maharshi98patel.wixsite.com/arish-technology/rb_wixui.thunderbolt_bootstrap-responsive.166eba3e.chunk.min.html]
[maharshi98patel.wixsite.com/arish-technology/rb_wixui.thunderbolt_common-site-members-dialogs.ae7b5c74.chunk.min.html]
[maharshi98patel.wixsite.com/arish-technology/rb_wixui.thunderbolt_common-site-members-dialogs.e6c1e098.chunk.min.html]
[maharshi98patel.wixsite.com/arish-technology/rb_wixui.corvid_core.afbda8f6.chunk.min.html]
[maharshi98patel.wixsite.com/arish-technology/rb_wixui.thunderbolt_mobile.eea54e4b.chunk.min.html]
[maharshi98patel.wixsite.com/arish-technology/robots.html]
[maharshi98patel.wixsite.com/arish-technology/feed.html]
[maharshi98patel.wixsite.com/arish-technology/version/index.html]
[maharshi98patel.wixsite.com/arish-technology/services.html]
